// Vitest Snapshot v1, https://vitest.dev/guide/snapshot.html

exports[`Navbar component > will create a snapshot 1`] = `
<nav
  className="_navigation_39d119"
>
  <button
    className="_hamburger_39d119"
    onClick={[Function]}
  >
    <svg
      className="h-5 w-5"
      fill="white"
      viewBox="0 0 20 20"
      xmlns="http://www.w3.org/2000/svg"
    >
      <path
        clipRule="evenodd"
        d="M3 5a1 1 0 011-1h12a1 1 0 110 2H4a1 1 0 01-1-1zM3 10a1 1 0 011-1h12a1 1 0 110 2H4a1 1 0 01-1-1zM9 15a1 1 0 011-1h6a1 1 0 110 2h-6a1 1 0 01-1-1z"
        fillRule="evenodd"
      />
    </svg>
  </button>
  <div
    className="_navigationMenu_39d119 "
  >
    <ul>
      <li>
        <a
          href="/shop"
          onClick={[Function]}
        >
          Shop
        </a>
      </li>
      <li>
        <a
          href="/about"
          onClick={[Function]}
        >
          About
        </a>
      </li>
    </ul>
  </div>
</nav>
`;
